Script started on Thu Apr 11 12:05:08 2019
[?1034hbash-3.2$ https://github.com/CSCI241Spring2019/lab-1-Benlarkin[K[K[K[K[K[K[K[K[K[K[K[K[K[K[K[K[K[K[K[K[K[K[K[K[K[K[K[K[K[K[K[K[K[K[K[K[K[K[K[K[K[K[K[K[K[K[K[K[K[K[K[Kgit clone https://github.com/CSCI241Spring2019/lab-1-Benlarkin
Cloning into 'lab-1-Benlarkin'...
remote: Enumerating objects: 8, done.[K
remote: Counting objects:  12% (1/8)   [Kremote: Counting objects:  25% (2/8)   [Kremote: Counting objects:  37% (3/8)   [Kremote: Counting objects:  50% (4/8)   [Kremote: Counting objects:  62% (5/8)   [Kremote: Counting objects:  75% (6/8)   [Kremote: Counting objects:  87% (7/8)   [Kremote: Counting objects: 100% (8/8)   [Kremote: Counting objects: 100% (8/8), done.[K
remote: Compressing objects:  25% (1/4)   [Kremote: Compressing objects:  50% (2/4)   [Kremote: Compressing objects:  75% (3/4)   [Kremote: Compressing objects: 100% (4/4)   [Kremote: Compressing objects: 100% (4/4), done.[K
remote: Total 8 (delta 0), reused 8 (delta 0), pack-reused 0[K
Unpacking objects:  12% (1/8)   Unpacking objects:  25% (2/8)   Unpacking objects:  37% (3/8)   Unpacking objects:  50% (4/8)   Unpacking objects:  62% (5/8)   Unpacking objects:  75% (6/8)   Unpacking objects:  87% (7/8)   Unpacking objects: 100% (8/8)   Unpacking objects: 100% (8/8), done.
bash-3.2$ ls
class_code		helper_functions.java	lab-1-Benlarkin
bash-3.2$ cd lab-1-Benlarkin/
bash-3.2$ ls
build.gradle	src
bash-3.2$ touch writeup.txt
bash-3.2$ ls
build.gradle	src		writeup.txt
bash-3.2$ git add writeup.txt 
bash-3.2$ git commit 0m 'added w[K[K[K[K[K[K[K[K[K[K[K-m 'add[K[K[KAdded empty writeup'
[master 2eb5eec] Added empty writeup
 1 file changed, 0 insertions(+), 0 deletions(-)
 create mode 100644 writeup.txt
bash-3.2$ git push
Enumerating objects: 4, done.
Counting objects:  25% (1/4)   Counting objects:  50% (2/4)   Counting objects:  75% (3/4)   Counting objects: 100% (4/4)   Counting objects: 100% (4/4), done.
Delta compression using up to 4 threads
Compressing objects:  50% (1/2)   Compressing objects: 100% (2/2)   Compressing objects: 100% (2/2), done.
Writing objects:  33% (1/3)   Writing objects:  66% (2/3)   Writing objects: 100% (3/3)   Writing objects: 100% (3/3), 310 bytes | 310.00 KiB/s, done.
Total 3 (delta 0), reused 0 (delta 0)
To https://github.com/CSCI241Spring2019/lab-1-Benlarkin
   1523c09..2eb5eec  master -> master
bash-3.2$ git add writeup.txt 
bash-3.2$ git commit -m 'Added part 1 [K([K (names) to writeup'
[master 998aef6] Added part 1 (names) to writeup
 1 file changed, 1 insertion(+)
bash-3.2$ git pus[K[K[K[K[K[K[Ksta[K[K[Kgit status
On branch master
Your branch is ahead of 'origin/master' by 1 commit.
  (use "git push" to publish your local commits)

nothing to commit, working tree clean
bash-3.2$ ls
build.gradle	src		writeup.txt
bash-3.2$ git status
On branch master
Your branch is ahead of 'origin/master' by 1 commit.
  (use "git push" to publish your local commits)

nothing to commit, working tree clean
bash-3.2$ gits[K status
On branch master
Your branch is ahead of 'origin/master' by 1 commit.
  (use "git push" to publish your local commits)

Changes not staged for commit:
  (use "git add <file>..." to update what will be committed)
  (use "git checkout -- <file>..." to discard changes in working directory)

	[31mmodified:   writeup.txt[m

no changes added to commit (use "git add" and/or "git commit -a")
bash-3.2$ git push[K[K[K[Kadd writeup.txt 
bash-3.2$ git add writeup.txt [C[C[C[C[C[C[C[C[C[C[C[C[C[C[10Pstatus
On branch master
Your branch is ahead of 'origin/master' by 1 commit.
  (use "git push" to publish your local commits)

Changes to be committed:
  (use "git reset HEAD <file>..." to unstage)

	[32mmodified:   writeup.txt[m

bash-3.2$ git commit -m 'Added part two (hobby) to writep[Kup'
[master b7d1513] Added part two (hobby) to writeup
 1 file changed, 2 insertions(+), 1 deletion(-)
bash-3.2$ git push[K[K[K[Kstatus
On branch master
Your branch is ahead of 'origin/master' by 2 commits.
  (use "git push" to publish your local commits)

nothing to commit, working tree clean
bash-3.2$ git push
Enumerating objects: 8, done.
Counting objects:  12% (1/8)   Counting objects:  25% (2/8)   Counting objects:  37% (3/8)   Counting objects:  50% (4/8)   Counting objects:  62% (5/8)   Counting objects:  75% (6/8)   Counting objects:  87% (7/8)   Counting objects: 100% (8/8)   Counting objects: 100% (8/8), done.
Delta compression using up to 4 threads
Compressing objects:  25% (1/4)   Compressing objects:  50% (2/4)   Compressing objects:  75% (3/4)   Compressing objects: 100% (4/4)   Compressing objects: 100% (4/4), done.
Writing objects:  16% (1/6)   Writing objects:  33% (2/6)   Writing objects:  50% (3/6)   Writing objects:  66% (4/6)   Writing objects:  83% (5/6)   Writing objects: 100% (6/6)   Writing objects: 100% (6/6), 542 bytes | 542.00 KiB/s, done.
Total 6 (delta 2), reused 0 (delta 0)
remote: Resolving deltas:   0% (0/2)   [Kremote: Resolving deltas: 100% (2/2)   [Kremote: Resolving deltas: 100% (2/2), completed with 1 local object.[K
To https://github.com/CSCI241Spring2019/lab-1-Benlarkin
   2eb5eec..b7d1513  master -> master
bash-3.2$ git status
On branch master
Your branch is up to date with 'origin/master'.

nothing to commit, working tree clean
bash-3.2$ touch username.txt
bash-3.2$ git add w[Kusername.txt 
bash-3.2$ git commit -m 'ADd[K[Kde[Kded username file'
[master 272374c] Added username file
 1 file changed, 1 insertion(+)
 create mode 100644 username.txt
bash-3.2$ git push
Enumerating objects: 4, done.
Counting objects:  25% (1/4)   Counting objects:  50% (2/4)   Counting objects:  75% (3/4)   Counting objects: 100% (4/4)   Counting objects: 100% (4/4), done.
Delta compression using up to 4 threads
Compressing objects:  50% (1/2)   Compressing objects: 100% (2/2)   Compressing objects: 100% (2/2), done.
Writing objects:  33% (1/3)   Writing objects:  66% (2/3)   Writing objects: 100% (3/3)   Writing objects: 100% (3/3), 366 bytes | 366.00 KiB/s, done.
Total 3 (delta 0), reused 0 (delta 0)
To https://github.com/CSCI241Spring2019/lab-1-Benlarkin
   b7d1513..272374c  master -> master
bash-3.2$ touc[K[K[K[Kgit touch [K[K[K[K[K[K[K[K[K[Ktouch test.txt
bash-3.2$ git add test.txt 
bash-3.2$ git checkout
A	test.txt
Your branch is up to date with 'origin/master'.
bash-3.2$ git commit -m '[K[K[K[K[K[K[K[K[K[K[Kcommit -m 'test commit'
[master 26e80c6] test commit
 1 file changed, 0 insertions(+), 0 deletions(-)
 create mode 100644 test.txt
bash-3.2$ git checkout
Your branch is ahead of 'origin/master' by 1 commit.
  (use "git push" to publish your local commits)
bash-3.2$ git rm -[Ktest.txt 
rm 'test.txt'
bash-3.2$ git mv te[K[K[K[K[K[K[K[K[Ktouch test2.txt
bash-3.2$ git add tes2[Kt2.txt 
bash-3.2$ git commit -m 'test file two for n[Krenaming'
[master cc28ed5] test file two for renaming
 1 file changed, 0 insertions(+), 0 deletions(-)
 rename test.txt => test2.txt (100%)
bash-3.2$ git mv test2.txt 
usage: git mv [<options>] <source>... <destination>

    -v, --verbose         be verbose
    -n, --dry-run         dry run
    -f, --force           force move/rename even if target exists
    -k                    skip move/rename errors

bash-3.2$ git mv test2.txt test3.txt
bash-3.2$ git blame
usage: git blame [<options>] [<rev-opts>] [<rev>] [--] <file>

    <rev-opts> are documented in git-rev-list(1)

    --incremental         Show blame entries as we find them, incrementally
    -b                    Show blank SHA-1 for boundary commits (Default: off)
    --root                Do not treat root commits as boundaries (Default: off)
    --show-stats          Show work cost statistics
    --progress            Force progress reporting
    --score-debug         Show output score for blame entries
    -f, --show-name       Show original filename (Default: auto)
    -n, --show-number     Show original linenumber (Default: off)
    -p, --porcelain       Show in a format designed for machine consumption
    --line-porcelain      Show porcelain format with per-line commit information
    -c                    Use the same output mode as git-annotate (Default: off)
    -t                    Show raw timestamp (Default: off)
    -l                    Show long commit SHA1 (Default: off)
    -s                    Suppress author name and timestamp (Default: off)
    -e, --show-email      Show author email instead of name (Default: off)
    -w                    Ignore whitespace differences
    --color-lines         color redundant metadata from previous line differently
    --color-by-age        color lines by age
    --indent-heuristic    Use an experimental heuristic to improve diffs
    --minimal             Spend extra cycles to find better match
    -S <file>             Use revisions from <file> instead of calling git-rev-list
    --contents <file>     Use <file>'s contents as the final image
    -C[<score>]           Find line copies within and across files
    -M[<score>]           Find line movements within and across files
    -L <n,m>              Process only line range n,m, counting from 1
    --abbrev[=<n>]        use <n> digits to display SHA-1s

bash-3.2$ git blame writeup.txt 
[?1h=b7d1513b (Benjamin Larkin 2019-04-11 12:10:18 -0700 1) 1) Benjamin Larkin[m
b7d1513b (Benjamin Larkin 2019-04-11 12:10:18 -0700 2) 2) Hobby: Climbing[m
[K[?1l>bash-3.2$ git log
[?1h=[33mcommit cc28ed5c323d0de94258dc16f66166760681d490[m[33m ([m[1;36mHEAD -> [m[1;32mmaster[m[33m)[m[m
Author: Benjamin Larkin <Ben>[m
Date:   Thu Apr 11 12:12:10 2019 -0700[m
[m
    test file two for renaming[m
[m
[33mcommit 26e80c6b1d58d22cc3a6cb9aebb5555a0ef03a7a[m[m
Author: Benjamin Larkin <Ben>[m
Date:   Thu Apr 11 12:11:34 2019 -0700[m
[m
    test commit[m
[m
[33mcommit 272374cc8fff43f7cc940061b102514af8f425ee[m[33m ([m[1;31morigin/master[m[33m, [m[1;31morigin/HEAD[m[33m)[m[m
Author: Benjamin Larkin <Ben>[m
Date:   Thu Apr 11 12:11:01 2019 -0700[m
[m
    Added username file[m
[m
[33mcommit b7d1513bba328584fed9f4c82efb79cac72dbfe7[m[m
Author: Benjamin Larkin <Ben>[m
Date:   Thu Apr 11 12:10:18 2019 -0700[m
[m
    Added part two (hobby) to writeup[m
[m
[33mcommit 998aef686a89a014b14414c7ef951b9e36e15575[m[m
Author: Benjamin Larkin <Ben>[m
Date:   Thu Apr 11 12:07:55 2019 -0700[m
[m
    Added part 1 (names) to writeup[m
[m
[33mcommit 2eb5eec94bbb5801754c9caf502df24f7ba9937a[m[m
Author: Benjamin Larkin <Ben>[m
Date:   Thu Apr 11 12:06:48 2019 -0700[m
[m
    Added empty writeup[m
[m
[33mcommit 1523c09e41bb264a6f420fcd78d1a7d6e44a5340[m[m
Author: majeskn <majeskn@wwu.edu>[m
Date:   Mon Jan 7 20:49:19 2019 -0800[m
[m
    Adding setup for gradle[m
[K[?1l>bash-3.2$ git diff
[?1h=[K[?1l>bash-3.2$ gif [K[K[Kit diff lab[K[K[Kwriteup.txt 
[?1h=[K[?1l>bash-3.2$ git diff writeup.txt 
[?1h=[K[?1l>bash-3.2$ git checkout -b question3
D	test2.txt
A	test3.txt
Switched to a new branch 'question3'
bash-3.2$ git add writeup.txt 
bash-3.2$ git comi[Kmit -m 'Addde[K[Ked part  [K3 (song) to writeup'
[question3 e8ebe61] Added part 3 (song) to writeup
 2 files changed, 2 insertions(+), 1 deletion(-)
 rename test2.txt => test3.txt (100%)
bash-3.2$ git pushgi[K[K[K[K[K[Kmerge
fatal: No remote for the current branch.
bash-3.2$ git mere[Kge master
Already up to date.
bash-3.2$ git merge question3
Already up to date.
bash-3.2$ ls
build.gradle	src		test3.txt	username.txt	writeup.txt
bash-3.2$ git statuis[K[K[Kus
On branch question3
nothing to commit, working tree clean
bash-3.2$ ad[K[Kgit add writeup.txt 
bash-3.2$ git commit -m 'c[K[K[K[K[K[K[K[K[K[K[K[K[K[K[K[Kgit add writeup.txt 
bash-3.2$ git commit -m 'Added part 3 (song) to writeup'
[question3 f657918] Added part 3 (song) to writeup
 1 file changed, 1 insertion(+), 1 deletion(-)
bash-3.2$ git status
On branch question3
nothing to commit, working tree clean
bash-3.2$ git merge master
Already up to date.
bash-3.2$ gi[K[Kgit checkout master
Switched to branch 'master'
Your branch is ahead of 'origin/master' by 2 commits.
  (use "git push" to publish your local commits)
bash-3.2$ git push
Enumerating objects: 6, done.
Counting objects:  16% (1/6)   Counting objects:  33% (2/6)   Counting objects:  50% (3/6)   Counting objects:  66% (4/6)   Counting objects:  83% (5/6)   Counting objects: 100% (6/6)   Counting objects: 100% (6/6), done.
Delta compression using up to 4 threads
Compressing objects:  25% (1/4)   Compressing objects:  50% (2/4)   Compressing objects:  75% (3/4)   Compressing objects: 100% (4/4)   Compressing objects: 100% (4/4), done.
Writing objects:  20% (1/5)   Writing objects:  40% (2/5)   Writing objects:  60% (3/5)   Writing objects:  80% (4/5)   Writing objects: 100% (5/5)   Writing objects: 100% (5/5), 431 bytes | 431.00 KiB/s, done.
Total 5 (delta 2), reused 0 (delta 0)
remote: Resolving deltas:   0% (0/2)   [Kremote: Resolving deltas: 100% (2/2)   [Kremote: Resolving deltas: 100% (2/2), completed with 1 local object.[K
To https://github.com/CSCI241Spring2019/lab-1-Benlarkin
   272374c..cc28ed5  master -> master
bash-3.2$ git checkout master
Already on 'master'
Your branch is up to date with 'origin/master'.
bash-3.2$ git merge question3
Updating cc28ed5..f657918
Fast-forward
 test2.txt => test3.txt | 0
 writeup.txt            | 3 [32m++[m[31m-[m
 2 files changed, 2 insertions(+), 1 deletion(-)
 rename test2.txt => test3.txt (100%)
bash-3.2$ git status
On branch master
Your branch is ahead of 'origin/master' by 2 commits.
  (use "git push" to publish your local commits)

nothing to commit, working tree clean
bash-3.2$ git push
Enumerating objects: 8, done.
Counting objects:  12% (1/8)   Counting objects:  25% (2/8)   Counting objects:  37% (3/8)   Counting objects:  50% (4/8)   Counting objects:  62% (5/8)   Counting objects:  75% (6/8)   Counting objects:  87% (7/8)   Counting objects: 100% (8/8)   Counting objects: 100% (8/8), done.
Delta compression using up to 4 threads
Compressing objects:  16% (1/6)   Compressing objects:  33% (2/6)   Compressing objects:  50% (3/6)   Compressing objects:  66% (4/6)   Compressing objects:  83% (5/6)   Compressing objects: 100% (6/6)   Compressing objects: 100% (6/6), done.
Writing objects:  16% (1/6)   Writing objects:  33% (2/6)   Writing objects:  50% (3/6)   Writing objects:  66% (4/6)   Writing objects:  83% (5/6)   Writing objects: 100% (6/6)   Writing objects: 100% (6/6), 556 bytes | 556.00 KiB/s, done.
Total 6 (delta 3), reused 0 (delta 0)
remote: Resolving deltas:   0% (0/3)   [Kremote: Resolving deltas:  33% (1/3)   [Kremote: Resolving deltas: 100% (3/3)   [Kremote: Resolving deltas: 100% (3/3), completed with 1 local object.[K
To https://github.com/CSCI241Spring2019/lab-1-Benlarkin
   cc28ed5..f657918  master -> master
bash-3.2$ git -d [K[K[K[K branch
[?1h=* [32mmaster[m[m
  question3[m[m
[K[?1l>bash-3.2$ git -d question3
unknown option: -d
usage: git [--version] [--help] [-C <path>] [-c <name>=<value>]
           [--exec-path[=<path>]] [--html-path] [--man-path] [--info-path]
           [-p | --paginate | -P | --no-pager] [--no-replace-objects] [--bare]
           [--git-dir=<path>] [--work-tree=<path>] [--namespace=<name>]
           <command> [<args>]
bash-3.2$ git push origin --delete question3
error: unable to delete 'question3': remote ref does not exist
[31merror: failed to push some refs to 'https://github.com/CSCI241Spring2019/lab-1-Benlarkin'
[mbash-3.2$ git branch -d question3
Deleted branch question3 (was f657918).
bash-3.2$ git status
On branch master
Your branch is up to date with 'origin/master'.

nothing to commit, working tree clean
bash-3.2$ git branch
[?1h=* [32mmaster[m[m
[K[?1l>bash-3.2$ grade[Kle [K[K[K[K[K[K[Kls
build.gradle	src		test3.txt	username.txt	writeup.txt
bash-3.2$ gradle build
bash: gradle: command not found
bash-3.2$ java -version
java version "12" 2019-03-19
Java(TM) SE Runtime Environment (build 12+33)
Java HotSpot(TM) 64-Bit Server VM (build 12+33, mixed mode, sharing)
bash-3.2$ sdk install gradle 5.3.1
bash: sdk: command not found
bash-3.2$ brew install gradle
bash: brew: command not found
bash-3.2$ /usr/bin/ruby -e "$(curl -fsSL https://raw.githubusercontent.com/Homebrew/insta ll/master/install)"
[1;34m==>[1;39m This script will install:[0m
/usr/local/bin/brew
/usr/local/share/doc/homebrew
/usr/local/share/man/man1/brew.1
/usr/local/share/zsh/site-functions/_brew
/usr/local/etc/bash_completion.d/brew
/usr/local/Homebrew
[1;34m==>[1;39m The following existing directories will be made group writable:[0m
/usr/local/bin
/usr/local/share
/usr/local/share/man
/usr/local/share/man/man1
/usr/local/share/man/man3
/usr/local/share/man/man5
/usr/local/share/man/man7
[1;34m==>[1;39m The following existing directories will have their owner set to [4;39mben[0m:[0m
/usr/local/bin
/usr/local/share
/usr/local/share/man
/usr/local/share/man/man1
/usr/local/share/man/man3
/usr/local/share/man/man5
/usr/local/share/man/man7
[1;34m==>[1;39m The following existing directories will have their group set to [4;39madmin[0m:[0m
/usr/local/bin
/usr/local/share
/usr/local/share/man
/usr/local/share/man/man1
/usr/local/share/man/man3
/usr/local/share/man/man5
/usr/local/share/man/man7
[1;34m==>[1;39m The following new directories will be created:[0m
/usr/local/etc
/usr/local/include
/usr/local/lib
/usr/local/sbin
/usr/local/var
/usr/local/opt
/usr/local/share/zsh
/usr/local/share/zsh/site-functions
/usr/local/var/homebrew
/usr/local/var/homebrew/linked
/usr/local/Cellar
/usr/local/Caskroom
/usr/local/Homebrew
/usr/local/Frameworks

Press RETURN to continue or any other key to abort
[1;34m==>[1;39m /usr/bin/sudo /bin/chmod u+rwx /usr/local/bin /usr/local/share /usr/local/share/man /usr/local/share/man/man1 /usr/local/share/man/man3 /usr/local/share/man/man5 /usr/local/share/man/man7[0m
Password:
[1;34m==>[1;39m /usr/bin/sudo /bin/chmod g+rwx /usr/local/bin /usr/local/share /usr/local/share/man /usr/local/share/man/man1 /usr/local/share/man/man3 /usr/local/share/man/man5 /usr/local/share/man/man7[0m
[1;34m==>[1;39m /usr/bin/sudo /usr/sbin/chown ben /usr/local/bin /usr/local/share /usr/local/share/man /usr/local/share/man/man1 /usr/local/share/man/man3 /usr/local/share/man/man5 /usr/local/share/man/man7[0m
[1;34m==>[1;39m /usr/bin/sudo /usr/bin/chgrp admin /usr/local/bin /usr/local/share /usr/local/share/man /usr/local/share/man/man1 /usr/local/share/man/man3 /usr/local/share/man/man5 /usr/local/share/man/man7[0m
[1;34m==>[1;39m /usr/bin/sudo /bin/mkdir -p /usr/local/etc /usr/local/include /usr/local/lib /usr/local/sbin /usr/local/var /usr/local/opt /usr/local/share/zsh /usr/local/share/zsh/site-functions /usr/local/var/homebrew /usr/local/var/homebrew/linked /usr/local/Cellar /usr/local/Caskroom /usr/local/Homebrew /usr/local/Frameworks[0m
[1;34m==>[1;39m /usr/bin/sudo /bin/chmod g+rwx /usr/local/etc /usr/local/include /usr/local/lib /usr/local/sbin /usr/local/var /usr/local/opt /usr/local/share/zsh /usr/local/share/zsh/site-functions /usr/local/var/homebrew /usr/local/var/homebrew/linked /usr/local/Cellar /usr/local/Caskroom /usr/local/Homebrew /usr/local/Frameworks[0m
[1;34m==>[1;39m /usr/bin/sudo /bin/chmod 755 /usr/local/share/zsh /usr/local/share/zsh/site-functions[0m
[1;34m==>[1;39m /usr/bin/sudo /usr/sbin/chown ben /usr/local/etc /usr/local/include /usr/local/lib /usr/local/sbin /usr/local/var /usr/local/opt /usr/local/share/zsh /usr/local/share/zsh/site-functions /usr/local/var/homebrew /usr/local/var/homebrew/linked /usr/local/Cellar /usr/local/Caskroom /usr/local/Homebrew /usr/local/Frameworks[0m
[1;34m==>[1;39m /usr/bin/sudo /usr/bin/chgrp admin /usr/local/etc /usr/local/include /usr/local/lib /usr/local/sbin /usr/local/var /usr/local/opt /usr/local/share/zsh /usr/local/share/zsh/site-functions /usr/local/var/homebrew /usr/local/var/homebrew/linked /usr/local/Cellar /usr/local/Caskroom /usr/local/Homebrew /usr/local/Frameworks[0m
[1;34m==>[1;39m /usr/bin/sudo /bin/mkdir -p /Users/ben/Library/Caches/Homebrew[0m
[1;34m==>[1;39m /usr/bin/sudo /bin/chmod g+rwx /Users/ben/Library/Caches/Homebrew[0m
[1;34m==>[1;39m /usr/bin/sudo /usr/sbin/chown ben /Users/ben/Library/Caches/Homebrew[0m
[1;34m==>[1;39m Downloading and installing Homebrew...[0m
remote: Enumerating objects: 63, done.[K
remote: Counting objects:   1% (1/63)   [Kremote: Counting objects:   3% (2/63)   [Kremote: Counting objects:   4% (3/63)   [Kremote: Counting objects:   6% (4/63)   [Kremote: Counting objects:   7% (5/63)   [Kremote: Counting objects:   9% (6/63)   [Kremote: Counting objects:  11% (7/63)   [Kremote: Counting objects:  12% (8/63)   [Kremote: Counting objects:  14% (9/63)   [Kremote: Counting objects:  15% (10/63)   [Kremote: Counting objects:  17% (11/63)   [Kremote: Counting objects:  19% (12/63)   [Kremote: Counting objects:  20% (13/63)   [Kremote: Counting objects:  22% (14/63)   [Kremote: Counting objects:  23% (15/63)   [Kremote: Counting objects:  25% (16/63)   [Kremote: Counting objects:  26% (17/63)   [Kremote: Counting objects:  28% (18/63)   [Kremote: Counting objects:  30% (19/63)   [Kremote: Counting objects:  31% (20/63)   [Kremote: Counting objects:  33% (21/63)   [Kremote: Counting objects:  34% (22/63)   [Kremote: Counting objects:  36% (23/63)   [Kremote: Counting objects:  38% (24/63)   [Kremote: Counting objects:  39% (25/63)   [Kremote: Counting objects:  41% (26/63)   [Kremote: Counting objects:  42% (27/63)   [Kremote: Counting objects:  44% (28/63)   [Kremote: Counting objects:  46% (29/63)   [Kremote: Counting objects:  47% (30/63)   [Kremote: Counting objects:  49% (31/63)   [Kremote: Counting objects:  50% (32/63)   [Kremote: Counting objects:  52% (33/63)   [Kremote: Counting objects:  53% (34/63)   [Kremote: Counting objects:  55% (35/63)   [Kremote: Counting objects:  57% (36/63)   [Kremote: Counting objects:  58% (37/63)   [Kremote: Counting objects:  60% (38/63)   [Kremote: Counting objects:  61% (39/63)   [Kremote: Counting objects:  63% (40/63)   [Kremote: Counting objects:  65% (41/63)   [Kremote: Counting objects:  66% (42/63)   [Kremote: Counting objects:  68% (43/63)   [Kremote: Counting objects:  69% (44/63)   [Kremote: Counting objects:  71% (45/63)   [Kremote: Counting objects:  73% (46/63)   [Kremote: Counting objects:  74% (47/63)   [Kremote: Counting objects:  76% (48/63)   [Kremote: Counting objects:  77% (49/63)   [Kremote: Counting objects:  79% (50/63)   [Kremote: Counting objects:  80% (51/63)   [Kremote: Counting objects:  82% (52/63)   [Kremote: Counting objects:  84% (53/63)   [Kremote: Counting objects:  85% (54/63)   [Kremote: Counting objects:  87% (55/63)   [Kremote: Counting objects:  88% (56/63)   [Kremote: Counting objects:  90% (57/63)   [Kremote: Counting objects:  92% (58/63)   [Kremote: Counting objects:  93% (59/63)   [Kremote: Counting objects:  95% (60/63)   [Kremote: Counting objects:  96% (61/63)   [Kremote: Counting objects:  98% (62/63)   [Kremote: Counting objects: 100% (63/63)   [Kremote: Counting objects: 100% (63/63), done.[K
remote: Compressing objects:   2% (1/45)   [Kremote: Compressing objects:   4% (2/45)   [Kremote: Compressing objects:   6% (3/45)   [Kremote: Compressing objects:   8% (4/45)   [Kremote: Compressing objects:  11% (5/45)   [Kremote: Compressing objects:  13% (6/45)   [Kremote: Compressing objects:  15% (7/45)   [Kremote: Compressing objects:  17% (8/45)   [Kremote: Compressing objects:  20% (9/45)   [Kremote: Compressing objects:  22% (10/45)   [Kremote: Compressing objects:  24% (11/45)   [Kremote: Compressing objects:  26% (12/45)   [Kremote: Compressing objects:  28% (13/45)   [Kremote: Compressing objects:  31% (14/45)   [Kremote: Compressing objects:  33% (15/45)   [Kremote: Compressing objects:  35% (16/45)   [Kremote: Compressing objects:  37% (17/45)   [Kremote: Compressing objects:  40% (18/45)   [Kremote: Compressing objects:  42% (19/45)   [Kremote: Compressing objects:  44% (20/45)   [Kremote: Compressing objects:  46% (21/45)   [Kremote: Compressing objects:  48% (22/45)   [Kremote: Compressing objects:  51% (23/45)   [Kremote: Compressing objects:  53% (24/45)   [Kremote: Compressing objects:  55% (25/45)   [Kremote: Compressing objects:  57% (26/45)   [Kremote: Compressing objects:  60% (27/45)   [Kremote: Compressing objects:  62% (28/45)   [Kremote: Compressing objects:  64% (29/45)   [Kremote: Compressing objects:  66% (30/45)   [Kremote: Compressing objects:  68% (31/45)   [Kremote: Compressing objects:  71% (32/45)   [Kremote: Compressing objects:  73% (33/45)   [Kremote: Compressing objects:  75% (34/45)   [Kremote: Compressing objects:  77% (35/45)   [Kremote: Compressing objects:  80% (36/45)   [Kremote: Compressing objects:  82% (37/45)   [Kremote: Compressing objects:  84% (38/45)   [Kremote: Compressing objects:  86% (39/45)   [Kremote: Compressing objects:  88% (40/45)   [Kremote: Compressing objects:  91% (41/45)   [Kremote: Compressing objects:  93% (42/45)   [Kremote: Compressing objects:  95% (43/45)   [Kremote: Compressing objects:  97% (44/45)   [Kremote: Compressing objects: 100% (45/45)   [Kremote: Compressing objects: 100% (45/45), done.[K
Receiving objects:   0% (1/121248)   Receiving objects:   1% (1213/121248)   Receiving objects:   2% (2425/121248)   Receiving objects:   3% (3638/121248)   Receiving objects:   4% (4850/121248)   Receiving objects:   5% (6063/121248)   Receiving objects:   6% (7275/121248)   Receiving objects:   7% (8488/121248)   Receiving objects:   8% (9700/121248)   Receiving objects:   9% (10913/121248)   Receiving objects:  10% (12125/121248)   Receiving objects:  11% (13338/121248)   Receiving objects:  12% (14550/121248)   Receiving objects:  13% (15763/121248)   Receiving objects:  14% (16975/121248)   Receiving objects:  15% (18188/121248)   Receiving objects:  16% (19400/121248)   Receiving objects:  17% (20613/121248)   Receiving objects:  18% (21825/121248)   Receiving objects:  19% (23038/121248), 6.76 MiB | 13.51 MiB/s   Receiving objects:  20% (24250/121248), 6.76 MiB | 13.51 MiB/s   Receiving objects:  21% (25463/121248), 6.76 MiB | 13.51 MiB/s   Receiving objects:  22% (26675/121248), 6.76 MiB | 13.51 MiB/s   Receiving objects:  23% (27888/121248), 6.76 MiB | 13.51 MiB/s   Receiving objects:  24% (29100/121248), 6.76 MiB | 13.51 MiB/s   Receiving objects:  25% (30312/121248), 6.76 MiB | 13.51 MiB/s   Receiving objects:  26% (31525/121248), 6.76 MiB | 13.51 MiB/s   Receiving objects:  27% (32737/121248), 6.76 MiB | 13.51 MiB/s   Receiving objects:  28% (33950/121248), 6.76 MiB | 13.51 MiB/s   Receiving objects:  29% (35162/121248), 6.76 MiB | 13.51 MiB/s   Receiving objects:  30% (36375/121248), 6.76 MiB | 13.51 MiB/s   Receiving objects:  31% (37587/121248), 6.76 MiB | 13.51 MiB/s   Receiving objects:  32% (38800/121248), 6.76 MiB | 13.51 MiB/s   Receiving objects:  33% (40012/121248), 6.76 MiB | 13.51 MiB/s   Receiving objects:  34% (41225/121248), 6.76 MiB | 13.51 MiB/s   Receiving objects:  35% (42437/121248), 6.76 MiB | 13.51 MiB/s   Receiving objects:  35% (42928/121248), 12.78 MiB | 12.78 MiB/s   Receiving objects:  36% (43650/121248), 12.78 MiB | 12.78 MiB/s   Receiving objects:  37% (44862/121248), 12.78 MiB | 12.78 MiB/s   Receiving objects:  38% (46075/121248), 12.78 MiB | 12.78 MiB/s   Receiving objects:  39% (47287/121248), 12.78 MiB | 12.78 MiB/s   Receiving objects:  40% (48500/121248), 12.78 MiB | 12.78 MiB/s   Receiving objects:  41% (49712/121248), 12.78 MiB | 12.78 MiB/s   Receiving objects:  42% (50925/121248), 12.78 MiB | 12.78 MiB/s   Receiving objects:  43% (52137/121248), 12.78 MiB | 12.78 MiB/s   Receiving objects:  44% (53350/121248), 12.78 MiB | 12.78 MiB/s   Receiving objects:  45% (54562/121248), 12.78 MiB | 12.78 MiB/s   Receiving objects:  46% (55775/121248), 12.78 MiB | 12.78 MiB/s   Receiving objects:  47% (56987/121248), 12.78 MiB | 12.78 MiB/s   Receiving objects:  48% (58200/121248), 12.78 MiB | 12.78 MiB/s   Receiving objects:  49% (59412/121248), 12.78 MiB | 12.78 MiB/s   Receiving objects:  50% (60624/121248), 12.78 MiB | 12.78 MiB/s   Receiving objects:  51% (61837/121248), 12.78 MiB | 12.78 MiB/s   Receiving objects:  52% (63049/121248), 12.78 MiB | 12.78 MiB/s   Receiving objects:  53% (64262/121248), 12.78 MiB | 12.78 MiB/s   Receiving objects:  54% (65474/121248), 16.25 MiB | 10.83 MiB/s   Receiving objects:  55% (66687/121248), 16.25 MiB | 10.83 MiB/s   Receiving objects:  56% (67899/121248), 16.25 MiB | 10.83 MiB/s   Receiving objects:  57% (69112/121248), 16.25 MiB | 10.83 MiB/s   Receiving objects:  58% (70324/121248), 16.25 MiB | 10.83 MiB/s   Receiving objects:  58% (71495/121248), 20.60 MiB | 10.27 MiB/s   Receiving objects:  59% (71537/121248), 20.60 MiB | 10.27 MiB/s   Receiving objects:  60% (72749/121248), 20.60 MiB | 10.27 MiB/s   Receiving objects:  61% (73962/121248), 20.60 MiB | 10.27 MiB/s   Receiving objects:  62% (75174/121248), 23.11 MiB | 9.08 MiB/s   Receiving objects:  63% (76387/121248), 23.11 MiB | 9.08 MiB/s   Receiving objects:  64% (77599/121248), 23.11 MiB | 9.08 MiB/s   Receiving objects:  65% (78812/121248), 23.11 MiB | 9.08 MiB/s   Receiving objects:  66% (80024/121248), 23.11 MiB | 9.08 MiB/s   Receiving objects:  67% (81237/121248), 23.11 MiB | 9.08 MiB/s   Receiving objects:  68% (82449/121248), 23.11 MiB | 9.08 MiB/s   Receiving objects:  69% (83662/121248), 23.11 MiB | 9.08 MiB/s   Receiving objects:  70% (84874/121248), 23.11 MiB | 9.08 MiB/s   Receiving objects:  71% (86087/121248), 23.11 MiB | 9.08 MiB/s   Receiving objects:  72% (87299/121248), 23.11 MiB | 9.08 MiB/s   Receiving objects:  73% (88512/121248), 23.11 MiB | 9.08 MiB/s   Receiving objects:  74% (89724/121248), 23.11 MiB | 9.08 MiB/s   Receiving objects:  75% (90936/121248), 23.11 MiB | 9.08 MiB/s   Receiving objects:  76% (92149/121248), 23.11 MiB | 9.08 MiB/s   Receiving objects:  77% (93361/121248), 23.11 MiB | 9.08 MiB/s   Receiving objects:  78% (94574/121248), 23.11 MiB | 9.08 MiB/s   Receiving objects:  79% (95786/121248), 23.11 MiB | 9.08 MiB/s   Receiving objects:  80% (96999/121248), 23.11 MiB | 9.08 MiB/s   Receiving objects:  81% (98211/121248), 23.11 MiB | 9.08 MiB/s   Receiving objects:  81% (98782/121248), 23.11 MiB | 9.08 MiB/s   Receiving objects:  82% (99424/121248), 23.11 MiB | 9.08 MiB/s   Receiving objects:  83% (100636/121248), 23.11 MiB | 9.08 MiB/s   Receiving objects:  84% (101849/121248), 23.11 MiB | 9.08 MiB/s   Receiving objects:  85% (103061/121248), 23.11 MiB | 9.08 MiB/s   Receiving objects:  86% (104274/121248), 23.11 MiB | 9.08 MiB/s   Receiving objects:  87% (105486/121248), 27.14 MiB | 8.91 MiB/s   Receiving objects:  88% (106699/121248), 27.14 MiB | 8.91 MiB/s   Receiving objects:  89% (107911/121248), 27.14 MiB | 8.91 MiB/s   Receiving objects:  90% (109124/121248), 27.14 MiB | 8.91 MiB/s   Receiving objects:  91% (110336/121248), 27.14 MiB | 8.91 MiB/s   Receiving objects:  92% (111549/121248), 27.14 MiB | 8.91 MiB/s   Receiving objects:  93% (112761/121248), 27.14 MiB | 8.91 MiB/s   Receiving objects:  94% (113974/121248), 27.14 MiB | 8.91 MiB/s   Receiving objects:  95% (115186/121248), 27.14 MiB | 8.91 MiB/s   Receiving objects:  96% (116399/121248), 27.14 MiB | 8.91 MiB/s   Receiving objects:  97% (117611/121248), 27.14 MiB | 8.91 MiB/s   Receiving objects:  98% (118824/121248), 27.14 MiB | 8.91 MiB/s   Receiving objects:  99% (120036/121248), 27.14 MiB | 8.91 MiB/s   remote: Total 121248 (delta 31), reused 37 (delta 16), pack-reused 121185[K
Receiving objects: 100% (121248/121248), 27.14 MiB | 8.91 MiB/s   Receiving objects: 100% (121248/121248), 28.73 MiB | 8.90 MiB/s, done.
Resolving deltas:   0% (0/88716)   Resolving deltas:   1% (892/88716)   Resolving deltas:   2% (1789/88716)   Resolving deltas:   3% (2670/88716)   Resolving deltas:   4% (3554/88716)   Resolving deltas:   5% (4835/88716)   Resolving deltas:   6% (5327/88716)   Resolving deltas:   7% (6357/88716)   Resolving deltas:   8% (7098/88716)   Resolving deltas:   9% (7988/88716)   Resolving deltas:  10% (8874/88716)   Resolving deltas:  11% (9776/88716)   Resolving deltas:  12% (10651/88716)   Resolving deltas:  13% (11794/88716)   Resolving deltas:  14% (12481/88716)   Resolving deltas:  15% (13317/88716)   Resolving deltas:  16% (14227/88716)   Resolving deltas:  17% (15155/88716)   Resolving deltas:  18% (15979/88716)   Resolving deltas:  19% (17029/88716)   Resolving deltas:  20% (17790/88716)   Resolving deltas:  21% (19470/88716)   Resolving deltas:  22% (19521/88716)   Resolving deltas:  23% (20442/88716)   Resolving deltas:  24% (21385/88716)   Resolving deltas:  25% (22295/88716)   Resolving deltas:  26% (23426/88716)   Resolving deltas:  27% (23959/88716)   Resolving deltas:  28% (24885/88716)   Resolving deltas:  29% (25839/88716)   Resolving deltas:  30% (26878/88716)   Resolving deltas:  31% (27508/88716)   Resolving deltas:  32% (28676/88716)   Resolving deltas:  33% (29277/88716)   Resolving deltas:  34% (30423/88716)   Resolving deltas:  35% (31145/88716)   Resolving deltas:  36% (31987/88716)   Resolving deltas:  37% (32877/88716)   Resolving deltas:  38% (33733/88716)   Resolving deltas:  39% (34731/88716)   Resolving deltas:  40% (35505/88716)   Resolving deltas:  41% (36434/88716)   Resolving deltas:  42% (37290/88716)   Resolving deltas:  43% (38158/88716)   Resolving deltas:  44% (39041/88716)   Resolving deltas:  45% (40393/88716)   Resolving deltas:  46% (40813/88716)   Resolving deltas:  47% (41778/88716)   Resolving deltas:  48% (42606/88716)   Resolving deltas:  49% (43563/88716)   Resolving deltas:  50% (44434/88716)   Resolving deltas:  51% (45264/88716)   Resolving deltas:  52% (46172/88716)   Resolving deltas:  53% (47022/88716)   Resolving deltas:  54% (47975/88716)   Resolving deltas:  55% (48825/88716)   Resolving deltas:  56% (49688/88716)   Resolving deltas:  57% (50578/88716)   Resolving deltas:  58% (51460/88716)   Resolving deltas:  59% (52345/88716)   Resolving deltas:  60% (53245/88716)   Resolving deltas:  61% (54333/88716)   Resolving deltas:  62% (55029/88716)   Resolving deltas:  63% (55896/88716)   Resolving deltas:  64% (56847/88716)   Resolving deltas:  65% (57699/88716)   Resolving deltas:  66% (58569/88716)   Resolving deltas:  67% (59451/88716)   Resolving deltas:  68% (60341/88716)   Resolving deltas:  69% (61503/88716)   Resolving deltas:  70% (62211/88716)   Resolving deltas:  71% (63033/88716)   Resolving deltas:  72% (63973/88716)   Resolving deltas:  73% (64835/88716)   Resolving deltas:  74% (65663/88716)   Resolving deltas:  75% (66640/88716)   Resolving deltas:  76% (67505/88716)   Resolving deltas:  77% (68350/88716)   Resolving deltas:  78% (69206/88716)   Resolving deltas:  79% (70096/88716)   Resolving deltas:  80% (71060/88716)   Resolving deltas:  81% (71922/88716)   Resolving deltas:  82% (72824/88716)   Resolving deltas:  83% (73652/88716)   Resolving deltas:  84% (74526/88716)   Resolving deltas:  85% (75412/88716)   Resolving deltas:  86% (76355/88716)   Resolving deltas:  87% (77666/88716)   Resolving deltas:  88% (78085/88716)   Resolving deltas:  89% (78985/88716)   Resolving deltas:  90% (79887/88716)   Resolving deltas:  91% (80745/88716)   Resolving deltas:  92% (81619/88716)   Resolving deltas:  93% (82528/88716)   Resolving deltas:  94% (83394/88716)   Resolving deltas:  95% (84283/88716)   Resolving deltas:  96% (85211/88716)   Resolving deltas:  97% (86066/88716)   Resolving deltas:  98% (86942/88716)   Resolving deltas:  99% (87868/88716)   Resolving deltas: 100% (88716/88716)   Resolving deltas: 100% (88716/88716), done.
From https://github.com/Homebrew/brew
 * [new branch]      master     -> origin/master
 * [new tag]         0.1        -> 0.1
 * [new tag]         0.2        -> 0.2
 * [new tag]         0.3        -> 0.3
 * [new tag]         0.4        -> 0.4
 * [new tag]         0.5        -> 0.5
 * [new tag]         0.6        -> 0.6
 * [new tag]         0.7        -> 0.7
 * [new tag]         0.7.1      -> 0.7.1
 * [new tag]         0.8        -> 0.8
 * [new tag]         0.8.1      -> 0.8.1
 * [new tag]         0.9        -> 0.9
 * [new tag]         0.9.1      -> 0.9.1
 * [new tag]         0.9.2      -> 0.9.2
 * [new tag]         0.9.3      -> 0.9.3
 * [new tag]         0.9.4      -> 0.9.4
 * [new tag]         0.9.5      -> 0.9.5
 * [new tag]         0.9.8      -> 0.9.8
 * [new tag]         0.9.9      -> 0.9.9
 * [new tag]         1.0.0      -> 1.0.0
 * [new tag]         1.0.1      -> 1.0.1
 * [new tag]         1.0.2      -> 1.0.2
 * [new tag]         1.0.3      -> 1.0.3
 * [new tag]         1.0.4      -> 1.0.4
 * [new tag]         1.0.5      -> 1.0.5
 * [new tag]         1.0.6      -> 1.0.6
 * [new tag]         1.0.7      -> 1.0.7
 * [new tag]         1.0.8      -> 1.0.8
 * [new tag]         1.0.9      -> 1.0.9
 * [new tag]         1.1.0      -> 1.1.0
 * [new tag]         1.1.1      -> 1.1.1
 * [new tag]         1.1.10     -> 1.1.10
 * [new tag]         1.1.11     -> 1.1.11
 * [new tag]         1.1.12     -> 1.1.12
 * [new tag]         1.1.13     -> 1.1.13
 * [new tag]         1.1.2      -> 1.1.2
 * [new tag]         1.1.3      -> 1.1.3
 * [new tag]         1.1.4      -> 1.1.4
 * [new tag]         1.1.5      -> 1.1.5
 * [new tag]         1.1.6      -> 1.1.6
 * [new tag]         1.1.7      -> 1.1.7
 * [new tag]         1.1.8      -> 1.1.8
 * [new tag]         1.1.9      -> 1.1.9
 * [new tag]         1.2.0      -> 1.2.0
 * [new tag]         1.2.1      -> 1.2.1
 * [new tag]         1.2.2      -> 1.2.2
 * [new tag]         1.2.3      -> 1.2.3
 * [new tag]         1.2.4      -> 1.2.4
 * [new tag]         1.2.5      -> 1.2.5
 * [new tag]         1.2.6      -> 1.2.6
 * [new tag]         1.3.0      -> 1.3.0
 * [new tag]         1.3.1      -> 1.3.1
 * [new tag]         1.3.2      -> 1.3.2
 * [new tag]         1.3.3      -> 1.3.3
 * [new tag]         1.3.4      -> 1.3.4
 * [new tag]         1.3.5      -> 1.3.5
 * [new tag]         1.3.6      -> 1.3.6
 * [new tag]         1.3.7      -> 1.3.7
 * [new tag]         1.3.8      -> 1.3.8
 * [new tag]         1.3.9      -> 1.3.9
 * [new tag]         1.4.0      -> 1.4.0
 * [new tag]         1.4.1      -> 1.4.1
 * [new tag]         1.4.2      -> 1.4.2
 * [new tag]         1.4.3      -> 1.4.3
 * [new tag]         1.5.0      -> 1.5.0
 * [new tag]         1.5.1      -> 1.5.1
 * [new tag]         1.5.10     -> 1.5.10
 * [new tag]         1.5.11     -> 1.5.11
 * [new tag]         1.5.12     -> 1.5.12
 * [new tag]         1.5.13     -> 1.5.13
 * [new tag]         1.5.14     -> 1.5.14
 * [new tag]         1.5.2      -> 1.5.2
 * [new tag]         1.5.3      -> 1.5.3
 * [new tag]         1.5.4      -> 1.5.4
 * [new tag]         1.5.5      -> 1.5.5
 * [new tag]         1.5.6      -> 1.5.6
 * [new tag]         1.5.7      -> 1.5.7
 * [new tag]         1.5.8      -> 1.5.8
 * [new tag]         1.5.9      -> 1.5.9
 * [new tag]         1.6.0      -> 1.6.0
 * [new tag]         1.6.1      -> 1.6.1
 * [new tag]         1.6.10     -> 1.6.10
 * [new tag]         1.6.11     -> 1.6.11
 * [new tag]         1.6.12     -> 1.6.12
 * [new tag]         1.6.13     -> 1.6.13
 * [new tag]         1.6.14     -> 1.6.14
 * [new tag]         1.6.15     -> 1.6.15
 * [new tag]         1.6.16     -> 1.6.16
 * [new tag]         1.6.17     -> 1.6.17
 * [new tag]         1.6.2      -> 1.6.2
 * [new tag]         1.6.3      -> 1.6.3
 * [new tag]         1.6.4      -> 1.6.4
 * [new tag]         1.6.5      -> 1.6.5
 * [new tag]         1.6.6      -> 1.6.6
 * [new tag]         1.6.7      -> 1.6.7
 * [new tag]         1.6.8      -> 1.6.8
 * [new tag]         1.6.9      -> 1.6.9
 * [new tag]         1.7.0      -> 1.7.0
 * [new tag]         1.7.1      -> 1.7.1
 * [new tag]         1.7.2      -> 1.7.2
 * [new tag]         1.7.3      -> 1.7.3
 * [new tag]         1.7.4      -> 1.7.4
 * [new tag]         1.7.5      -> 1.7.5
 * [new tag]         1.7.6      -> 1.7.6
 * [new tag]         1.7.7      -> 1.7.7
 * [new tag]         1.8.0      -> 1.8.0
 * [new tag]         1.8.1      -> 1.8.1
 * [new tag]         1.8.2      -> 1.8.2
 * [new tag]         1.8.3      -> 1.8.3
 * [new tag]         1.8.4      -> 1.8.4
 * [new tag]         1.8.5      -> 1.8.5
 * [new tag]         1.8.6      -> 1.8.6
 * [new tag]         1.9.0      -> 1.9.0
 * [new tag]         1.9.1      -> 1.9.1
 * [new tag]         1.9.2      -> 1.9.2
 * [new tag]         1.9.3      -> 1.9.3
 * [new tag]         2.0.0      -> 2.0.0
 * [new tag]         2.0.1      -> 2.0.1
 * [new tag]         2.0.2      -> 2.0.2
 * [new tag]         2.0.3      -> 2.0.3
 * [new tag]         2.0.4      -> 2.0.4
 * [new tag]         2.0.5      -> 2.0.5
 * [new tag]         2.0.6      -> 2.0.6
 * [new tag]         2.1.0      -> 2.1.0
HEAD is now at 1c655916f Merge pull request #5993 from amyspark/drop-unzip-in-macos
==> Downloading https://homebrew.bintray.com/bottles-portable-ruby/portable-ruby-2.3.7.mavericks.bottle.tar.gz
#####                                                                      7.8%######                                                                     8.9%##############                                                            19.8%#################                                                         23.6%#####################                                                     30.3%##########################                                                36.5%#############################                                             41.0%#################################                                         46.2%######################################                                    53.1%###########################################                               61.0%#################################################                         68.2%#########################################################                 79.5%###################################################################       93.1%######################################################################## 100.0%
==> Pouring portable-ruby-2.3.7.mavericks.bottle.tar.gz
[34m==>[0m [1mHomebrew is run entirely by unpaid volunteers. Please consider donating:[0m
  [4mhttps://github.com/Homebrew/brew#donations[24m
[34m==>[0m [1mTapping homebrew/core[0m
Cloning into '/usr/local/Homebrew/Library/Taps/homebrew/homebrew-core'...
remote: Enumerating objects: 4962, done.[K
remote: Counting objects:   0% (1/4962)   [Kremote: Counting objects:   1% (50/4962)   [Kremote: Counting objects:   2% (100/4962)   [Kremote: Counting objects:   3% (149/4962)   [Kremote: Counting objects:   4% (199/4962)   [Kremote: Counting objects:   5% (249/4962)   [Kremote: Counting objects:   6% (298/4962)   [Kremote: Counting objects:   7% (348/4962)   [Kremote: Counting objects:   8% (397/4962)   [Kremote: Counting objects:   9% (447/4962)   [Kremote: Counting objects:  10% (497/4962)   [Kremote: Counting objects:  11% (546/4962)   [Kremote: Counting objects:  12% (596/4962)   [Kremote: Counting objects:  13% (646/4962)   [Kremote: Counting objects:  14% (695/4962)   [Kremote: Counting objects:  15% (745/4962)   [Kremote: Counting objects:  16% (794/4962)   [Kremote: Counting objects:  17% (844/4962)   [Kremote: Counting objects:  18% (894/4962)   [Kremote: Counting objects:  19% (943/4962)   [Kremote: Counting objects:  20% (993/4962)   [Kremote: Counting objects:  21% (1043/4962)   [Kremote: Counting objects:  22% (1092/4962)   [Kremote: Counting objects:  23% (1142/4962)   [Kremote: Counting objects:  24% (1191/4962)   [Kremote: Counting objects:  25% (1241/4962)   [Kremote: Counting objects:  26% (1291/4962)   [Kremote: Counting objects:  27% (1340/4962)   [Kremote: Counting objects:  28% (1390/4962)   [Kremote: Counting objects:  29% (1439/4962)   [Kremote: Counting objects:  30% (1489/4962)   [Kremote: Counting objects:  31% (1539/4962)   [Kremote: Counting objects:  32% (1588/4962)   [Kremote: Counting objects:  33% (1638/4962)   [Kremote: Counting objects:  34% (1688/4962)   [Kremote: Counting objects:  35% (1737/4962)   [Kremote: Counting objects:  36% (1787/4962)   [Kremote: Counting objects:  37% (1836/4962)   [Kremote: Counting objects:  38% (1886/4962)   [Kremote: Counting objects:  39% (1936/4962)   [Kremote: Counting objects:  40% (1985/4962)   [Kremote: Counting objects:  41% (2035/4962)   [Kremote: Counting objects:  42% (2085/4962)   [Kremote: Counting objects:  43% (2134/4962)   [Kremote: Counting objects:  44% (2184/4962)   [Kremote: Counting objects:  45% (2233/4962)   [Kremote: Counting objects:  46% (2283/4962)   [Kremote: Counting objects:  47% (2333/4962)   [Kremote: Counting objects:  48% (2382/4962)   [Kremote: Counting objects:  49% (2432/4962)   [Kremote: Counting objects:  50% (2481/4962)   [Kremote: Counting objects:  51% (2531/4962)   [Kremote: Counting objects:  52% (2581/4962)   [Kremote: Counting objects:  53% (2630/4962)   [Kremote: Counting objects:  54% (2680/4962)   [Kremote: Counting objects:  55% (2730/4962)   [Kremote: Counting objects:  56% (2779/4962)   [Kremote: Counting objects:  57% (2829/4962)   [Kremote: Counting objects:  58% (2878/4962)   [Kremote: Counting objects:  59% (2928/4962)   [Kremote: Counting objects:  60% (2978/4962)   [Kremote: Counting objects:  61% (3027/4962)   [Kremote: Counting objects:  62% (3077/4962)   [Kremote: Counting objects:  63% (3127/4962)   [Kremote: Counting objects:  64% (3176/4962)   [Kremote: Counting objects:  65% (3226/4962)   [Kremote: Counting objects:  66% (3275/4962)   [Kremote: Counting objects:  67% (3325/4962)   [Kremote: Counting objects:  68% (3375/4962)   [Kremote: Counting objects:  69% (3424/4962)   [Kremote: Counting objects:  70% (3474/4962)   [Kremote: Counting objects:  71% (3524/4962)   [Kremote: Counting objects:  72% (3573/4962)   [Kremote: Counting objects:  73% (3623/4962)   [Kremote: Counting objects:  74% (3672/4962)   [Kremote: Counting objects:  75% (3722/4962)   [Kremote: Counting objects:  76% (3772/4962)   [Kremote: Counting objects:  77% (3821/4962)   [Kremote: Counting objects:  78% (3871/4962)   [Kremote: Counting objects:  79% (3920/4962)   [Kremote: Counting objects:  80% (3970/4962)   [Kremote: Counting objects:  81% (4020/4962)   [Kremote: Counting objects:  82% (4069/4962)   [Kremote: Counting objects:  83% (4119/4962)   [Kremote: Counting objects:  84% (4169/4962)   [Kremote: Counting objects:  85% (4218/4962)   [Kremote: Counting objects:  86% (4268/4962)   [Kremote: Counting objects:  87% (4317/4962)   [Kremote: Counting objects:  88% (4367/4962)   [Kremote: Counting objects:  89% (4417/4962)   [Kremote: Counting objects:  90% (4466/4962)   [Kremote: Counting objects:  91% (4516/4962)   [Kremote: Counting objects:  92% (4566/4962)   [Kremote: Counting objects:  93% (4615/4962)   [Kremote: Counting objects:  94% (4665/4962)   [Kremote: Counting objects:  95% (4714/4962)   [Kremote: Counting objects:  96% (4764/4962)   [Kremote: Counting objects:  97% (4814/4962)   [Kremote: Counting objects:  98% (4863/4962)   [Kremote: Counting objects:  99% (4913/4962)   [Kremote: Counting objects: 100% (4962/4962)   [Kremote: Counting objects: 100% (4962/4962), done.[K
remote: Compressing objects:   0% (1/4735)   [Kremote: Compressing objects:   1% (48/4735)   [Kremote: Compressing objects:   2% (95/4735)   [Kremote: Compressing objects:   3% (143/4735)   [Kremote: Compressing objects:   4% (190/4735)   [Kremote: Compressing objects:   5% (237/4735)   [Kremote: Compressing objects:   6% (285/4735)   [Kremote: Compressing objects:   7% (332/4735)   [Kremote: Compressing objects:   8% (379/4735)   [Kremote: Compressing objects:   9% (427/4735)   [Kremote: Compressing objects:  10% (474/4735)   [Kremote: Compressing objects:  11% (521/4735)   [Kremote: Compressing objects:  12% (569/4735)   [Kremote: Compressing objects:  13% (616/4735)   [Kremote: Compressing objects:  14% (663/4735)   [Kremote: Compressing objects:  15% (711/4735)   [Kremote: Compressing objects:  16% (758/4735)   [Kremote: Compressing objects:  17% (805/4735)   [Kremote: Compressing objects:  18% (853/4735)   [Kremote: Compressing objects:  19% (900/4735)   [Kremote: Compressing objects:  20% (947/4735)   [Kremote: Compressing objects:  21% (995/4735)   [Kremote: Compressing objects:  22% (1042/4735)   [Kremote: Compressing objects:  23% (1090/4735)   [Kremote: Compressing objects:  24% (1137/4735)   [Kremote: Compressing objects:  25% (1184/4735)   [Kremote: Compressing objects:  26% (1232/4735)   [Kremote: Compressing objects:  27% (1279/4735)   [Kremote: Compressing objects:  28% (1326/4735)   [Kremote: Compressing objects:  29% (1374/4735)   [Kremote: Compressing objects:  30% (1421/4735)   [Kremote: Compressing objects:  31% (1468/4735)   [Kremote: Compressing objects:  32% (1516/4735)   [Kremote: Compressing objects:  33% (1563/4735)   [Kremote: Compressing objects:  34% (1610/4735)   [Kremote: Compressing objects:  35% (1658/4735)   [Kremote: Compressing objects:  36% (1705/4735)   [Kremote: Compressing objects:  37% (1752/4735)   [Kremote: Compressing objects:  38% (1800/4735)   [Kremote: Compressing objects:  39% (1847/4735)   [Kremote: Compressing objects:  40% (1894/4735)   [Kremote: Compressing objects:  41% (1942/4735)   [Kremote: Compressing objects:  42% (1989/4735)   [Kremote: Compressing objects:  43% (2037/4735)   [Kremote: Compressing objects:  44% (2084/4735)   [Kremote: Compressing objects:  45% (2131/4735)   [Kremote: Compressing objects:  46% (2179/4735)   [Kremote: Compressing objects:  47% (2226/4735)   [Kremote: Compressing objects:  48% (2273/4735)   [Kremote: Compressing objects:  49% (2321/4735)   [Kremote: Compressing objects:  50% (2368/4735)   [Kremote: Compressing objects:  51% (2415/4735)   [Kremote: Compressing objects:  52% (2463/4735)   [Kremote: Compressing objects:  53% (2510/4735)   [Kremote: Compressing objects:  54% (2557/4735)   [Kremote: Compressing objects:  55% (2605/4735)   [Kremote: Compressing objects:  56% (2652/4735)   [Kremote: Compressing objects:  57% (2699/4735)   [Kremote: Compressing objects:  58% (2747/4735)   [Kremote: Compressing objects:  59% (2794/4735)   [Kremote: Compressing objects:  60% (2841/4735)   [Kremote: Compressing objects:  61% (2889/4735)   [Kremote: Compressing objects:  62% (2936/4735)   [Kremote: Compressing objects:  63% (2984/4735)   [Kremote: Compressing objects:  64% (3031/4735)   [Kremote: Compressing objects:  65% (3078/4735)   [Kremote: Compressing objects:  66% (3126/4735)   [Kremote: Compressing objects:  67% (3173/4735)   [Kremote: Compressing objects:  68% (3220/4735)   [Kremote: Compressing objects:  69% (3268/4735)   [Kremote: Compressing objects:  70% (3315/4735)   [Kremote: Compressing objects:  71% (3362/4735)   [Kremote: Compressing objects:  72% (3410/4735)   [Kremote: Compressing objects:  73% (3457/4735)   [Kremote: Compressing objects:  74% (3504/4735)   [Kremote: Compressing objects:  75% (3552/4735)   [Kremote: Compressing objects:  76% (3599/4735)   [Kremote: Compressing objects:  77% (3646/4735)   [Kremote: Compressing objects:  78% (3694/4735)   [Kremote: Compressing objects:  79% (3741/4735)   [Kremote: Compressing objects:  80% (3788/4735)   [Kremote: Compressing objects:  81% (3836/4735)   [Kremote: Compressing objects:  82% (3883/4735)   [Kremote: Compressing objects:  83% (3931/4735)   [Kremote: Compressing objects:  84% (3978/4735)   [Kremote: Compressing objects:  85% (4025/4735)   [Kremote: Compressing objects:  86% (4073/4735)   [Kremote: Compressing objects:  87% (4120/4735)   [Kremote: Compressing objects:  88% (4167/4735)   [Kremote: Compressing objects:  89% (4215/4735)   [Kremote: Compressing objects:  90% (4262/4735)   [Kremote: Compressing objects:  91% (4309/4735)   [Kremote: Compressing objects:  92% (4357/4735)   [Kremote: Compressing objects:  93% (4404/4735)   [Kremote: Compressing objects:  94% (4451/4735)   [Kremote: Compressing objects:  95% (4499/4735)   [Kremote: Compressing objects:  96% (4546/4735)   [Kremote: Compressing objects:  97% (4593/4735)   [Kremote: Compressing objects:  98% (4641/4735)   [Kremote: Compressing objects:  99% (4688/4735)   [Kremote: Compressing objects: 100% (4735/4735)   [Kremote: Compressing objects: 100% (4735/4735), done.[K
Receiving objects:   0% (1/4962)   Receiving objects:   1% (50/4962)   Receiving objects:   2% (100/4962)   Receiving objects:   3% (149/4962)   Receiving objects:   4% (199/4962)   Receiving objects:   5% (249/4962)   Receiving objects:   6% (298/4962)   Receiving objects:   7% (348/4962)   Receiving objects:   8% (397/4962)   Receiving objects:   9% (447/4962)   Receiving objects:  10% (497/4962)   Receiving objects:  11% (546/4962)   Receiving objects:  12% (596/4962)   Receiving objects:  13% (646/4962)   Receiving objects:  14% (695/4962)   Receiving objects:  15% (745/4962)   Receiving objects:  16% (794/4962)   Receiving objects:  17% (844/4962)   Receiving objects:  18% (894/4962)   Receiving objects:  19% (943/4962)   Receiving objects:  20% (993/4962)   Receiving objects:  21% (1043/4962)   Receiving objects:  22% (1092/4962)   Receiving objects:  23% (1142/4962)   Receiving objects:  24% (1191/4962)   Receiving objects:  25% (1241/4962)   Receiving objects:  26% (1291/4962)   Receiving objects:  27% (1340/4962)   Receiving objects:  28% (1390/4962)   Receiving objects:  29% (1439/4962)   Receiving objects:  30% (1489/4962)   Receiving objects:  31% (1539/4962)   Receiving objects:  32% (1588/4962)   Receiving objects:  33% (1638/4962)   Receiving objects:  34% (1688/4962)   Receiving objects:  35% (1737/4962)   Receiving objects:  36% (1787/4962)   Receiving objects:  37% (1836/4962)   Receiving objects:  38% (1886/4962)   Receiving objects:  39% (1936/4962)   Receiving objects:  40% (1985/4962)   Receiving objects:  41% (2035/4962)   Receiving objects:  42% (2085/4962)   Receiving objects:  43% (2134/4962)   Receiving objects:  44% (2184/4962)   Receiving objects:  45% (2233/4962)   Receiving objects:  46% (2283/4962)   Receiving objects:  47% (2333/4962)   Receiving objects:  48% (2382/4962)   Receiving objects:  49% (2432/4962)   Receiving objects:  50% (2481/4962)   Receiving objects:  51% (2531/4962)   Receiving objects:  52% (2581/4962)   Receiving objects:  53% (2630/4962)   Receiving objects:  54% (2680/4962)   Receiving objects:  55% (2730/4962)   Receiving objects:  56% (2779/4962)   Receiving objects:  57% (2829/4962)   Receiving objects:  58% (2878/4962)   Receiving objects:  59% (2928/4962)   Receiving objects:  60% (2978/4962)   Receiving objects:  61% (3027/4962)   Receiving objects:  62% (3077/4962)   Receiving objects:  63% (3127/4962), 2.51 MiB | 5.01 MiB/s   Receiving objects:  64% (3176/4962), 2.51 MiB | 5.01 MiB/s   Receiving objects:  65% (3226/4962), 2.51 MiB | 5.01 MiB/s   Receiving objects:  66% (3275/4962), 2.51 MiB | 5.01 MiB/s   Receiving objects:  67% (3325/4962), 2.51 MiB | 5.01 MiB/s   Receiving objects:  68% (3375/4962), 2.51 MiB | 5.01 MiB/s   Receiving objects:  69% (3424/4962), 2.51 MiB | 5.01 MiB/s   Receiving objects:  70% (3474/4962), 2.51 MiB | 5.01 MiB/s   Receiving objects:  71% (3524/4962), 2.51 MiB | 5.01 MiB/s   Receiving objects:  72% (3573/4962), 2.51 MiB | 5.01 MiB/s   Receiving objects:  73% (3623/4962), 2.51 MiB | 5.01 MiB/s   Receiving objects:  74% (3672/4962), 2.51 MiB | 5.01 MiB/s   Receiving objects:  75% (3722/4962), 2.51 MiB | 5.01 MiB/s   Receiving objects:  76% (3772/4962), 2.51 MiB | 5.01 MiB/s   Receiving objects:  77% (3821/4962), 2.51 MiB | 5.01 MiB/s   Receiving objects:  78% (3871/4962), 2.51 MiB | 5.01 MiB/s   Receiving objects:  79% (3920/4962), 2.51 MiB | 5.01 MiB/s   Receiving objects:  80% (3970/4962), 2.51 MiB | 5.01 MiB/s   Receiving objects:  81% (4020/4962), 2.51 MiB | 5.01 MiB/s   Receiving objects:  82% (4069/4962), 2.51 MiB | 5.01 MiB/s   Receiving objects:  83% (4119/4962), 2.51 MiB | 5.01 MiB/s   Receiving objects:  84% (4169/4962), 2.51 MiB | 5.01 MiB/s   Receiving objects:  85% (4218/4962), 2.51 MiB | 5.01 MiB/s   Receiving objects:  86% (4268/4962), 2.51 MiB | 5.01 MiB/s   Receiving objects:  87% (4317/4962), 2.51 MiB | 5.01 MiB/s   Receiving objects:  88% (4367/4962), 2.51 MiB | 5.01 MiB/s   Receiving objects:  89% (4417/4962), 2.51 MiB | 5.01 MiB/s   Receiving objects:  90% (4466/4962), 2.51 MiB | 5.01 MiB/s   Receiving objects:  91% (4516/4962), 2.51 MiB | 5.01 MiB/s   Receiving objects:  92% (4566/4962), 2.51 MiB | 5.01 MiB/s   Receiving objects:  93% (4615/4962), 2.51 MiB | 5.01 MiB/s   Receiving objects:  94% (4665/4962), 2.51 MiB | 5.01 MiB/s   Receiving objects:  95% (4714/4962), 2.51 MiB | 5.01 MiB/s   Receiving objects:  96% (4764/4962), 2.51 MiB | 5.01 MiB/s   Receiving objects:  97% (4814/4962), 2.51 MiB | 5.01 MiB/s   Receiving objects:  98% (4863/4962), 2.51 MiB | 5.01 MiB/s   Receiving objects:  99% (4913/4962), 2.51 MiB | 5.01 MiB/s   remote: Total 4962 (delta 51), reused 1251 (delta 36), pack-reused 0[K
Receiving objects: 100% (4962/4962), 2.51 MiB | 5.01 MiB/s   Receiving objects: 100% (4962/4962), 3.98 MiB | 5.93 MiB/s, done.
Resolving deltas:   0% (0/51)   Resolving deltas:   1% (1/51)   Resolving deltas:   3% (2/51)   Resolving deltas:   5% (3/51)   Resolving deltas:   7% (4/51)   Resolving deltas:   9% (5/51)   Resolving deltas:  11% (6/51)   Resolving deltas:  13% (7/51)   Resolving deltas:  15% (8/51)   Resolving deltas:  19% (10/51)   Resolving deltas:  21% (11/51)   Resolving deltas:  23% (12/51)   Resolving deltas:  25% (13/51)   Resolving deltas:  27% (14/51)   Resolving deltas:  29% (15/51)   Resolving deltas:  31% (16/51)   Resolving deltas:  33% (17/51)   Resolving deltas:  35% (18/51)   Resolving deltas:  37% (19/51)   Resolving deltas:  39% (20/51)   Resolving deltas:  41% (21/51)   Resolving deltas:  43% (22/51)   Resolving deltas:  45% (23/51)   Resolving deltas:  47% (24/51)   Resolving deltas:  49% (25/51)   Resolving deltas:  50% (26/51)   Resolving deltas:  54% (28/51)   Resolving deltas:  56% (29/51)   Resolving deltas:  58% (30/51)   Resolving deltas:  60% (31/51)   Resolving deltas:  62% (32/51)   Resolving deltas:  64% (33/51)   Resolving deltas:  66% (34/51)   Resolving deltas:  68% (35/51)   Resolving deltas:  70% (36/51)   Resolving deltas:  74% (38/51)   Resolving deltas:  76% (39/51)   Resolving deltas:  78% (40/51)   Resolving deltas:  80% (41/51)   Resolving deltas:  82% (42/51)   Resolving deltas:  84% (43/51)   Resolving deltas:  86% (44/51)   Resolving deltas:  88% (45/51)   Resolving deltas:  90% (46/51)   Resolving deltas:  92% (47/51)   Resolving deltas:  94% (48/51)   Resolving deltas:  96% (49/51)   Resolving deltas:  98% (50/51)   Resolving deltas: 100% (51/51)   Resolving deltas: 100% (51/51), done.
Tapped 2 commands and 4747 formulae (5,004 files, 12.4MB).
Already up-to-date.
[1;34m==>[1;39m Installation successful![0m

[1;34m==>[1;39m Homebrew has enabled anonymous aggregate formulae and cask analytics.[0m
[1;39mRead the analytics documentation (and how to opt-out) here:
  [4;39mhttps://docs.brew.sh/Analytics[0m

[1;34m==>[1;39m Homebrew is run entirely by unpaid volunteers. Please consider donating:[0m
  [4;39mhttps://github.com/Homebrew/brew#donations[0m
[1;34m==>[1;39m Next steps:[0m
- Run `brew help` to get started
- Further documentation: 
    [4;39mhttps://docs.brew.sh[0m
bash-3.2$ g[Kbrew install gradle
[34m==>[0m [1mDownloading https://services.gradle.org/distributions/gradle-5.3.1-all.zip[0m
[34m==>[0m [1mDownloading from https://downloads.gradle.org/distributions/gradle-5.3.1-all.zip[0m
                                                                           0.8%#                                                                          1.8%##                                                                         2.8%##                                                                         3.8%###                                                                        4.8%####                                                                       5.8%####                                                                       6.7%#####                                                                      7.6%######                                                                     8.5%######                                                                     9.5%#######                                                                   10.3%#######                                                                   11.1%########                                                                  11.4%########                                                                  11.8%########                                                                  12.3%#########                                                                 12.5%#########                                                                 12.8%#########                                                                 13.1%#########                                                                 13.5%#########                                                                 13.7%#########                                                                 13.8%##########                                                                14.0%##########                                                                14.2%##########                                                                14.4%##########                                                                14.7%##########                                                                14.9%##########                                                                15.2%###########                                                               15.4%###########                                                               15.6%###########                                                               15.8%###########                                                               16.1%###########                                                               16.3%###########                                                               16.5%############                                                              16.7%############                                                              16.9%############                                                              17.1%############                                                              17.4%############                                                              17.6%############                                                              17.8%############                                                              18.0%#############                                                             18.2%#############                                                             18.3%#############                                                             18.5%#############                                                             18.8%#############                                                             19.0%#############                                                             19.2%##############                                                            19.5%##############                                                            19.8%##############                                                            20.1%##############                                                            20.3%##############                                                            20.6%###############                                                           20.9%###############                                                           21.1%###############                                                           21.3%###############                                                           21.5%###############                                                           21.8%###############                                                           22.1%################                                                          22.3%################                                                          22.6%################                                                          22.8%################                                                          22.9%################                                                          23.1%################                                                          23.2%################                                                          23.4%################                                                          23.6%#################                                                         23.7%#################                                                         23.8%#################                                                         24.0%#################                                                         24.2%#################                                                         24.3%#################                                                         24.5%#################                                                         24.6%#################                                                         24.8%##################                                                        25.1%##################                                                        25.3%##################                                                        25.6%##################                                                        25.8%##################                                                        26.1%##################                                                        26.4%###################                                                       26.6%###################                                                       26.8%###################                                                       27.1%###################                                                       27.4%###################                                                       27.7%####################                                                      28.0%####################                                                      28.4%####################                                                      28.8%####################                                                      29.1%#####################                                                     29.5%#####################                                                     29.7%#####################                                                     30.2%######################                                                    30.6%######################                                                    31.1%######################                                                    31.5%######################                                                    31.8%#######################                                                   32.0%#######################                                                   32.3%#######################                                                   32.6%#######################                                                   33.0%#######################                                                   33.3%########################                                                  33.6%########################                                                  34.0%########################                                                  34.3%########################                                                  34.7%#########################                                                 35.0%#########################                                                 35.3%#########################                                                 35.3%#########################                                                 35.4%#########################                                                 35.6%#########################                                                 35.7%#########################                                                 35.9%#########################                                                 36.0%##########################                                                36.1%##########################                                                36.3%##########################                                                36.4%##########################                                                36.6%##########################                                                36.7%##########################                                                36.9%##########################                                                37.1%##########################                                                37.3%###########################                                               37.6%###########################                                               37.7%###########################                                               38.1%###########################                                               38.3%###########################                                               38.5%###########################                                               38.8%############################                                              38.9%############################                                              39.0%############################                                              39.3%############################                                              39.5%############################                                              39.8%############################                                              40.1%#############################                                             40.4%#############################                                             40.6%#############################                                             40.8%#############################                                             41.1%#############################                                             41.3%#############################                                             41.6%##############################                                            41.9%##############################                                            42.1%##############################                                            42.4%##############################                                            42.6%##############################                                            42.9%###############################                                           43.1%###############################                                           43.3%###############################                                           43.6%###############################                                           43.8%###############################                                           43.9%###############################                                           44.2%################################                                          44.5%################################                                          44.7%################################                                          44.9%################################                                          45.2%################################                                          45.5%################################                                          45.7%#################################                                         46.0%#################################                                         46.3%#################################                                         46.5%#################################                                         46.9%#################################                                         47.1%##################################                                        47.4%##################################                                        47.6%##################################                                        47.9%##################################                                        48.1%##################################                                        48.3%##################################                                        48.6%###################################                                       48.7%###################################                                       49.0%###################################                                       49.2%###################################                                       49.5%###################################                                       49.8%####################################                                      50.1%####################################                                      50.4%####################################                                      50.7%####################################                                      50.9%####################################                                      51.0%####################################                                      51.3%#####################################                                     51.6%#####################################                                     52.0%#####################################                                     52.3%#####################################                                     52.6%######################################                                    53.0%######################################                                    53.3%######################################                                    53.7%######################################                                    54.0%#######################################                                   54.3%#######################################                                   54.6%#######################################                                   54.8%#######################################                                   55.0%#######################################                                   55.2%#######################################                                   55.4%########################################                                  55.6%########################################                                  55.9%########################################                                  56.3%########################################                                  56.6%########################################                                  56.9%#########################################                                 57.2%#########################################                                 57.5%#########################################                                 57.8%#########################################                                 58.1%##########################################                                58.4%##########################################                                58.7%##########################################                                59.1%##########################################                                59.4%##########################################                                59.7%###########################################                               59.8%###########################################                               59.9%###########################################                               60.0%###########################################                               60.3%###########################################                               60.5%###########################################                               60.8%############################################                              61.1%############################################                              61.5%############################################                              61.8%############################################                              62.2%############################################                              62.5%#############################################                             62.8%#############################################                             63.2%#############################################                             63.5%#############################################                             63.8%##############################################                            64.1%##############################################                            64.3%##############################################                            64.6%##############################################                            64.8%##############################################                            65.1%###############################################                           65.4%###############################################                           65.7%###############################################                           65.9%###############################################                           66.1%###############################################                           66.2%###############################################                           66.5%################################################                          66.7%################################################                          67.0%################################################                          67.2%################################################                          67.5%################################################                          67.8%#################################################                         68.1%#################################################                         68.4%#################################################                         68.7%#################################################                         69.1%##################################################                        69.7%##################################################                        70.4%###################################################                       71.1%###################################################                       71.7%####################################################                      72.3%####################################################                      72.9%####################################################                      73.4%#####################################################                     74.0%#####################################################                     74.5%######################################################                    75.0%######################################################                    75.5%######################################################                    76.0%#######################################################                   76.4%#######################################################                   76.8%#######################################################                   77.1%#######################################################                   77.5%########################################################                  77.8%########################################################                  78.3%########################################################                  78.8%#########################################################                 79.3%#########################################################                 79.8%#########################################################                 80.3%##########################################################                80.6%##########################################################                81.1%##########################################################                81.5%###########################################################               82.0%###########################################################               82.4%###########################################################               82.8%###########################################################               83.3%############################################################              83.6%############################################################              84.0%############################################################              84.5%#############################################################             84.9%#############################################################             85.3%#############################################################             85.6%##############################################################            86.2%##############################################################            86.7%##############################################################            87.2%###############################################################           87.7%###############################################################           88.2%###############################################################           88.8%################################################################          89.3%################################################################          89.6%################################################################          89.8%################################################################          89.9%################################################################          90.1%#################################################################         90.3%#################################################################         90.4%#################################################################         90.6%#################################################################         90.9%#################################################################         91.2%#################################################################         91.5%##################################################################        91.8%##################################################################        92.1%##################################################################        92.5%##################################################################        92.9%###################################################################       93.2%###################################################################       93.6%###################################################################       93.9%###################################################################       94.1%####################################################################      94.5%####################################################################      94.9%####################################################################      95.4%####################################################################      95.8%#####################################################################     96.3%#####################################################################     96.7%#####################################################################     97.1%######################################################################    97.4%######################################################################    97.8%######################################################################    98.4%#######################################################################   99.2%#######################################################################   99.8%#######################################################################   99.9%######################################################################## 100.0%
🍺  /usr/local/Cellar/gradle/5.3.1: 13,686 files, 236.8MB, built in 57 seconds
[34m==>[0m [1m`brew cleanup` has not been run in 30 days, running now...[0m
Pruned 1 symbolic links and 1 directories from /usr/local
bash-3.2$ gradle b[K[K[K[K[K[K[K[Kls
build.gradle	src		test3.txt	username.txt	writeup.txt
bash-3.2$ gradle build

Welcome to Gradle 5.3.1!

Here are the highlights of this release:
 - Feature variants AKA "optional dependencies"
 - Type-safe accessors in Kotlin precompiled script plugins
 - Gradle Module Metadata 1.0

For more details see https://docs.gradle.org/5.3.1/release-notes.html

Starting a Gradle Daemon (subsequent builds will be faster)


[2A[1B[1m> Starting Daemon[m[17D[1B[1A> IDLE[0K[6D[1B[2A[1m<[0;1m-------------> 0% INITIALIZING [0s][m[36D[1B[1m> Evaluating settings[m[21D[1B[2A[1m<[0;1m-------------> 0% CONFIGURING [0s][m[0K[35D[1B[1m> Loading projects[m[0K[18D[1B[1A[1m> root project[m[0K[14D[1B[2A[1m<[0;1m-------------> 0% CONFIGURING [1s][m[35D[1B[1m> root project > Compiling /Users/ben/code/241CSCI/lab-1-Benlarkin/build.gradle into loc[m[88D[1B[1A[1m> root project[m[0K[14D[1B[2A[1m<[0;32;1m=============[0;39;1m> 100% CONFIGURING [2s][m[37D[1B> IDLE[0K[6D[1B[2A[1m<[0;1m-------------> 0% EXECUTING [2s][m[0K[33D[2B[1A[1m> :compileJava[m[14D[1B[2A[1m<[0;1m-------------> 0% EXECUTING [3s][m[33D[2B[2A[1m<[0;32;1m==[0;39;1m-----------> 21% EXECUTING [3s][m[34D[1B[1m> :jar[m[0K[6D[1B[2A[1m<[0;32;1m===[0;39;1m----------> 28% EXECUTING [3s][m[34D[1B[1m> :startScripts[m[15D[1B[2A[1m<[0;32;1m=====[0;39;1m--------> 42% EXECUTING [3s][m[34D[1B[1m> :distZip[m[0K[10D[1B[2A[0K
[32;1mBUILD SUCCESSFUL[0;39m in 6s
5 actionable tasks: 5 executed
[0K
[0K
[2A[1m<[0;1m-------------> 0% WAITING[m[26D[1B[1m> :distZip[m[10D[1B[2A[2K[1B[2K[1A[0m[?12l[?25hbash-3.2$ gradle run


[2A[1m<[0;32;1m=========[0;39;1m----> 75% EXECUTING [0s][m[34D[1B[1m> :run[m[6D[1B[2A[0K
[1m> Task :run[m
Hello World!

[32;1mBUILD SUCCESSFUL[0;39m in 0s
2 actionable tasks: 1 executed, 1 up-to-date
[0K
[0K
[2A[1m<[0;1m-------------> 0% WAITING[m[26D[1B> IDLE[6D[1B[2A[2K[1B[2K[1A[0m[?12l[?25hbash-3.2$ gradle run --args='pink gara[K[K[K[K[Kgiraffe'

[1A[1m<[0;32;1m=============[0;39;1m> 100% CONFIGURING [0s][m[37D[1B
[2A[1m<[0;1m-------------> 0% EXECUTING [0s][m[0K[33D[1B[1m> :compileJava[m[14D[1B[2A[1m<[0;32;1m=========[0;39;1m----> 75% EXECUTING [0s][m[34D[1B[1m> :run[m[0K[6D[1B[2A[0K
[1m> Task :run[m
Hello pinkgiraffe!

[32;1mBUILD SUCCESSFUL[0;39m in 1s
2 actionable tasks: 2 executed
[0K
[0K
[2A[1m<[0;1m-------------> 0% WAITING[m[26D[1B> IDLE[6D[1B[2A[2K[1B[2K[1A[0m[?12l[?25hbash-3.2$ cd[K[Kls
build		src		username.txt
build.gradle	test3.txt	writeup.txt
bash-3.2$ git add sc[Krc/main/java/lba1/[K[K[K[Kab1/Hello.java 
bash-3.2$ git commit -m 'Helo[Klo wo[K[Know prints command ling[Ke arg'
[master 3bf7746] Hello now prints command line arg
 1 file changed, 1 insertion(+), 1 deletion(-)
bash-3.2$ git push
Enumerating objects: 13, done.
Counting objects:   7% (1/13)   Counting objects:  15% (2/13)   Counting objects:  23% (3/13)   Counting objects:  30% (4/13)   Counting objects:  38% (5/13)   Counting objects:  46% (6/13)   Counting objects:  53% (7/13)   Counting objects:  61% (8/13)   Counting objects:  69% (9/13)   Counting objects:  76% (10/13)   Counting objects:  84% (11/13)   Counting objects:  92% (12/13)   Counting objects: 100% (13/13)   Counting objects: 100% (13/13), done.
Delta compression using up to 4 threads
Compressing objects:  33% (1/3)   Compressing objects:  66% (2/3)   Compressing objects: 100% (3/3)   Compressing objects: 100% (3/3), done.
Writing objects:  14% (1/7)   Writing objects:  28% (2/7)   Writing objects:  42% (3/7)   Writing objects:  57% (4/7)   Writing objects:  71% (5/7)   Writing objects:  85% (6/7)   Writing objects: 100% (7/7)   Writing objects: 100% (7/7), 487 bytes | 487.00 KiB/s, done.
Total 7 (delta 2), reused 0 (delta 0)
remote: Resolving deltas:   0% (0/2)   [Kremote: Resolving deltas:  50% (1/2)   [Kremote: Resolving deltas: 100% (2/2)   [Kremote: Resolving deltas: 100% (2/2), completed with 2 local objects.[K
To https://github.com/CSCI241Spring2019/lab-1-Benlarkin
   f657918..3bf7746  master -> master
bash-3.2$ exit
exit

Script done on Thu Apr 11 12:30:09 2019
